                                                              ORG     0
0000 84 53 57 41 D0                                   HSWAP:  DB      ^4 "SWA" ^'P'
0005 00 00                                                    DW      0
0007 09 00                                            SWAP:   DW      SWAP0
0009 15 14 00                                         SWAP0:  LDA     20
000C 2E 14 00                                                 INW     20
000F 00 00                                            DOCOL:  DW      0
0011 00 00                                            DOC10:  DW      0
0013 00 00                                            DUP:    DW      0
0015 00 00                                            DROP:   DW      0
0017 00 00                                            OVER:   DW      0
0019 00 00                                            BRAN:   DW      0
001B 0F 00 13 00 17 00 07 00 13 00 17 00 07 00 17 00          DW      DOCOL DUP OVER SWAP DUP OVER SWAP OVER
002B 19 00 E4 FF                                              DW      BRAN +DOC10
002F 0F 00 13 00 17 00 07 00                                  DW      DOCOL DUP OVER SWAP
0037 19 00 D8 FF 0F 00 13 00                                  DW      BRAN +DOC10 DOCOL DUP
003F 17 00 07 00 19 00 CC FF                                  DW      OVER SWAP BRAN +DOC10
0047 0F 00 13 00 17 00 07 00                                  DW      DOCOL DUP OVER SWAP
004F 19 00 C0 FF 0F 00 13 00                                  DW      BRAN +DOC10 DOCOL DUP
0057 17 00 07 00 19 00 B4 FF                                  DW      OVER SWAP BRAN +DOC10
005F 19 00 B0 FF                                              DW      BRAN +DOC10
