                                                              ORG     0x8000
                                                              
8000 0E 07                                                    LDI     7
8002 10 08                                                    SBI     8
8004 3F 12 80                                                 BMI     MINUS
8007 3B 17 80                                                 BEQ     ZERO
800A 3E 1C 80                                                 BPL     PLUS
800D 0E AA                                                    LDI     0xAA
800F 14 1E 80                                                 JPA     STOP
8012 0E FF                                            MINUS:  LDI     0xFF
8014 14 1E 80                                                 JPA     STOP
8017 0E 88                                            ZERO:   LDI     0x88
8019 14 1E 80                                                 JPA     STOP
801C 0E 01                                            PLUS:   LDI     0x01
                                                              
801E 14 1E 80                                         STOP:   JPA     STOP
